[   0.0s] INFO  tamp from /home/jakob/ra/workspace_design_core/src/husky-assembly-teleop/external/husky_assembly_tamp (2fce15f)
pybullet build time: Jan 29 2025 23:16:28
/usr/lib/python3/dist-packages/paramiko/pkey.py:82: CryptographyDeprecationWarning: TripleDES has been moved to cryptography.hazmat.decrepit.ciphers.algorithms.TripleDES and will be removed from cryptography.hazmat.primitives.ciphers.algorithms in 48.0.0.
  "cipher": algorithms.TripleDES,
/usr/lib/python3/dist-packages/paramiko/transport.py:261: CryptographyDeprecationWarning: TripleDES has been moved to cryptography.hazmat.decrepit.ciphers.algorithms.TripleDES and will be removed from cryptography.hazmat.primitives.ciphers.algorithms in 48.0.0.
  "class": algorithms.TripleDES,
[   0.6s] OK    read design_260814: 48 actions, 182 movements
[   0.6s] INFO  plan_check (no geometry): 2 errors, 4 warnings
[   0.6s] INFO  B10_J_M3_CDFM_transfer_to_approach: arms=2 path=free coupled=True controller=position ends_on=target drives=False line=False start.joints=null target.joints=12 target.links=2
[   0.6s] INFO  B10_J_M4_tool_tighten_joint: arms=2 path=linear coupled=True controller=compliant ends_on=tools drives=True line=True start.joints=12 target.joints=12 target.links=2
[   0.6s] INFO  B10_R_M2_LM_retreat: arms=2 path=linear coupled=False controller=position ends_on=target drives=False line=True start.joints=12 target.joints=12 target.links=2
[   0.6s] INFO  B10_R_M3_free_home: arms=2 path=free coupled=False controller=position ends_on=target drives=False line=False start.joints=12 target.joints=12 target.links=0
[   1.1s] INFO  rebuilt the planning cell for robots/cindy in 0.4 s; why: first build
[   1.1s] OK    mirror.sync(scene_at(B10_J_M4_tool_tighten_joint)) in 0.4s; cell tools=['robots/alice', 'robots/belle', 'tools/AT3L', 'tools/AT3R']; 94 rigid bodies, e.g. ['bars/B1', 'bars/B10', 'bars/B12']
[   1.1s] INFO  bars/B10 attached_to_link=left_ur_arm_tool0 touch_bodies=['joints/J3-10_male', 'joints/J7-10_male'] touch_links=[]; hidden bodies: 47
[   1.1s] INFO  joints/J3-10_male attached_to_link=left_ur_arm_tool0 touch_bodies=['bars/B10', 'joints/J3-10_female', 'tools/AT3L']
[   1.1s] INFO  tool tools/AT3L: group=base_left_arm_manipulator touch_links=['left_ur_arm_wrist_2_link', 'left_ur_arm_wrist_3_link', 'left_ur_arm_flange', 'left_ur_arm_tool0'] hidden=False
[   1.1s] INFO  tool tools/AT3R: group=base_right_arm_manipulator touch_links=['right_ur_arm_wrist_2_link', 'right_ur_arm_wrist_3_link', 'right_ur_arm_flange', 'right_ur_arm_tool0'] hidden=False
[   1.1s] INFO  tool robots/alice: group=None touch_links=[] hidden=False
[   1.1s] INFO  tool robots/belle: group=None touch_links=[] hidden=False
[   1.1s] INFO  collisions at the authored insert start (2 pairs): [('tools/AT3L', 'bars/B10'), ('tools/AT3R', 'bars/B10')]
[   1.2s] INFO  collisions with bar<->own tools allowed (0 pairs): []
[   1.2s] OK    tamp sees groups ('base_left_arm_manipulator', 'base_right_arm_manipulator') (api hardcodes base_left_arm_manipulator, base_right_arm_manipulator); mirror groups {'tools/AT3L': 'base_left_arm_manipulator', 'tools/AT3R': 'base_right_arm_manipulator'}; 12 joints left_ur_arm_shoulder_pan_joint .. right_ur_arm_wrist_3_joint
[2m[00:24:57.318][0m [32mINFO    [0m Log file: /home/jakob/ra/workspace_design_core/src/husky-assembly-teleop/external/husky_assembly_tamp/husky_assembly_tamp/logs/dual_arm_task_space_rrt_core.log
[   2.2s] OK    J_M4 insert: plan_constrained_dual_arm_linear -> 5 waypoints in 1.0s; end vs target joints max |d| = 7.70e-04 rad
[   2.9s] INFO  J_M4 with derived contacts only: solved (linear planners skip CC3-5 by default, so the hull contact is not seen)
[   3.6s] INFO  collisions at R_M2 start (ungrasped, tools still on the halves): [('tools/AT3L', 'bars/B10'), ('tools/AT3R', 'bars/B10')]
[   3.6s] OK    R_M2 retreat: plan_dual_arm_linear_independent -> 5 waypoints in 0.6s
[  33.6s] OK    R_M3 home: plan_free_dual_arm -> 459 waypoints in 30.0s
[  33.6s] INFO  J_M3: mirror.sync refuses the design's null start joints: cannot plan for robots/cindy: joints not known: left_ur_arm_elbow_joint, left_ur_arm_shoulder_lift_joint, left_ur_arm_shoulder_pan_joint, left_ur_arm_wrist_1_joint …
[  33.6s] INFO  J_M3 assumed start joints from 'B10_J_M2_tool_grasp_bar': 12 joints
[2m[00:25:35.382][0m [32mINFO    [0m birrt: connected after 1 iters; tree_a=3 nodes, tree_b=46 nodes, path=48 waypoints.
[  44.1s] OK    J_M3 transfer: plan_constrained_dual_arm(derive_start) -> 46 waypoints in 10.6s; path_poses=46
[  44.1s] INFO  keyframe IK backend: gradient
keyframe.ik_keyframe.solve_keyframe_chain: solving approach ...
keyframe.dual_arm_ik.solve_dual_arm_ik: check_collision=True, max_restart_iter=100
keyframe.dual_arm_ik.solve_dual_arm_ik: solved on random restart 68/99.
keyframe.ik_keyframe.solve_keyframe_chain: solving assembled ...
keyframe.dual_arm_ik.solve_dual_arm_ik: check_collision=True, max_restart_iter=1
keyframe.ik_keyframe.solve_keyframe_chain: solving retreat ...
keyframe.dual_arm_ik.solve_dual_arm_ik: check_collision=True, max_restart_iter=1
[  55.8s] OK    keyframe chain solved in 11.5s; max |joint - design target| per keyframe: approach 6.283, approach (mod 2pi) 2.432, approach #joints off by 2pi 1.000, assembled 6.283, assembled (mod 2pi) 2.455, assembled #joints off by 2pi 1.000, retreat 6.291, retreat (mod 2pi) 2.462, retreat #joints off by 2pi 1.000
[  55.8s] OK    wrote solutions/B10_J_joint.json (16 kB): M0_free_to_load=not_planned, M1_manual_mount_bar=not_planned, M2_tool_grasp_bar=not_planned, M3_CDFM_transfer_to_approach=solved, M4_tool_tighten_joint=solved
[  55.8s] OK    wrote solutions/B10_R_release.json (103 kB): M1_tool_ungrasp_bar=not_planned, M2_LM_retreat=solved, M3_free_home=solved
[  55.8s] INFO  read back 2 solutions; warnings: ['solutions: robots/cindy ends B10_J_M3_CDFM_transfer_to_approach and starts B10_J_M4_tool_tighten_joint 3.29e-06 apart', 'solutions: robots/cindy ends B10_J_M4_tool_tighten_joint and starts B10_R_M2_LM_retreat 0.00077 apart', 'solutions: robots/cindy ends B10_R_M2_LM_retreat and starts B10_R_M3_free_home 0.00087 apart']
[  55.8s] OK    ssik left artifact vs design URDF FK over 20 random q: max |dp| = 5.55e-16 m, max |dR| = 1.83e-15
[  55.9s] OK    ssik right artifact vs design URDF FK over 20 random q: max |dp| = 5.00e-16 m, max |dR| = 1.11e-15
[  55.9s] DONE  
