[   0.0s] INFO  tamp from /home/jakob/ra/workspace_design_core/src/husky-assembly-teleop/external/husky_assembly_tamp (2fce15f)
pybullet build time: Jan 29 2025 23:16:28
/usr/lib/python3/dist-packages/paramiko/pkey.py:82: CryptographyDeprecationWarning: TripleDES has been moved to cryptography.hazmat.decrepit.ciphers.algorithms.TripleDES and will be removed from cryptography.hazmat.primitives.ciphers.algorithms in 48.0.0.
  "cipher": algorithms.TripleDES,
/usr/lib/python3/dist-packages/paramiko/transport.py:261: CryptographyDeprecationWarning: TripleDES has been moved to cryptography.hazmat.decrepit.ciphers.algorithms.TripleDES and will be removed from cryptography.hazmat.primitives.ciphers.algorithms in 48.0.0.
  "class": algorithms.TripleDES,
[   0.6s] OK    read design_260814: 48 actions, 182 movements
[   0.6s] INFO  plan_check (no geometry): 2 errors, 4 warnings
[   0.6s] INFO  B10_J_M3_CDFM_transfer_to_approach: arms=2 path=free coupled=True controller=position ends_on=target drives=False line=False start.joints=null target.joints=12 target.links=2
[   0.6s] INFO  B10_J_M4_tool_tighten_joint: arms=2 path=linear coupled=True controller=compliant ends_on=tools drives=True line=True start.joints=12 target.joints=12 target.links=2
[   0.6s] INFO  B10_R_M2_LM_retreat: arms=2 path=linear coupled=False controller=position ends_on=target drives=False line=True start.joints=12 target.joints=12 target.links=2
[   0.6s] INFO  B10_R_M3_free_home: arms=2 path=free coupled=False controller=position ends_on=target drives=False line=False start.joints=12 target.joints=12 target.links=0
[   1.0s] INFO  rebuilt the planning cell for robots/cindy in 0.4 s; why: first build
[   1.1s] OK    mirror.sync(scene_at(B10_J_M4_tool_tighten_joint)) in 0.4s; cell tools=['robots/alice', 'robots/belle', 'tools/AT3L', 'tools/AT3R']; 94 rigid bodies, e.g. ['bars/B1', 'bars/B10', 'bars/B12']
[   1.1s] INFO  bars/B10 attached_to_link=left_ur_arm_tool0 touch_bodies=['joints/J3-10_male', 'joints/J7-10_male'] touch_links=[]; hidden bodies: 47
[   1.1s] INFO  joints/J3-10_male attached_to_link=left_ur_arm_tool0 touch_bodies=['bars/B10', 'joints/J3-10_female', 'tools/AT3L']
[   1.1s] INFO  tool tools/AT3L: group=base_left_arm_manipulator touch_links=['left_ur_arm_wrist_2_link', 'left_ur_arm_wrist_3_link', 'left_ur_arm_flange', 'left_ur_arm_tool0'] hidden=False
[   1.1s] INFO  tool tools/AT3R: group=base_right_arm_manipulator touch_links=['right_ur_arm_wrist_2_link', 'right_ur_arm_wrist_3_link', 'right_ur_arm_flange', 'right_ur_arm_tool0'] hidden=False
[   1.1s] INFO  tool robots/alice: group=None touch_links=[] hidden=False
[   1.1s] INFO  tool robots/belle: group=None touch_links=[] hidden=False
[   1.1s] INFO  collisions at the authored insert start (2 pairs): [('tools/AT3L', 'bars/B10'), ('tools/AT3R', 'bars/B10')]
[   1.2s] INFO  collisions with bar<->own tools allowed (0 pairs): []
[   1.2s] OK    tamp sees groups ('base_left_arm_manipulator', 'base_right_arm_manipulator') (api hardcodes base_left_arm_manipulator, base_right_arm_manipulator); mirror groups {'tools/AT3L': 'base_left_arm_manipulator', 'tools/AT3R': 'base_right_arm_manipulator'}; 12 joints left_ur_arm_shoulder_pan_joint .. right_ur_arm_wrist_3_joint
[   1.2s] INFO  J_M3: mirror.sync refuses the design's null start joints: cannot plan for robots/cindy: joints not known: left_ur_arm_elbow_joint, left_ur_arm_shoulder_lift_joint, left_ur_arm_shoulder_pan_joint, left_ur_arm_wrist_1_joint …
[   1.2s] INFO  J_M3 assumed start joints from 'B10_J_M2_tool_grasp_bar': 12 joints
[2m[00:26:11.474][0m [32mINFO    [0m Log file: /home/jakob/ra/workspace_design_core/src/husky-assembly-teleop/external/husky_assembly_tamp/husky_assembly_tamp/logs/dual_arm_task_space_rrt_core.log
[   2.3s] FAIL  J_M3 transfer: goal_in_collision in 1.1s
[   2.3s] DONE  
